<!DOCTYPE HTML>
<html><html><head><meta charset="utf-8"><title>Wmd</title><link rel="search" href="/opensearch.xml" type="application/opensearchdescription+xml" title="Wmd"></head><body><ul><li><b>tst</b> for Test, <code>https://example.com?q={keywords}</code></li></ul></body></html></html>